Java HotSpot(TM) 64-Bit Server VM (25.45-b02) for windows-amd64 JRE (1.8.0_45-b14), built on Apr 10 2015 10:34:15 by "java_re" with MS VC++ 10.0 (VS2010)
Memory: 4k page, physical 16637140k(9718512k free), swap 20938984k(12011780k free)
CommandLine flags: -XX:InitialHeapSize=314572800 -XX:MaxHeapSize=314572800 -XX:MaxNewSize=209715200 -XX:MaxTenuringThreshold=15 -XX:NewSize=209715200 -XX:OldPLABSize=16 -XX:PretenureSizeThreshold=20971520 -XX:+PrintGC -XX:+PrintGCDetails -XX:+PrintGCTimeStamps -XX:SurvivorRatio=2 -XX:+UseCompressedClassPointers -XX:+UseCompressedOops -XX:+UseConcMarkSweepGC -XX:-UseLargePagesIndividualAllocation -XX:+UseParNewGC 
31.084: [GC (Allocation Failure) 31.085: [ParNew: 98304K->10776K(153600K), 0.0039968 secs] 98304K->10776K(256000K), 0.0041218 secs] [Times: user=0.00 sys=0.00, real=0.00 secs] 
32.095: [GC (Allocation Failure) 32.095: [ParNew: 104920K->10945K(153600K), 0.0038134 secs] 104920K->10945K(256000K), 0.0038492 secs] [Times: user=0.06 sys=0.02, real=0.00 secs] 
33.104: [GC (Allocation Failure) 33.104: [ParNew: 105024K->11041K(153600K), 0.0016710 secs] 105024K->11041K(256000K), 0.0017002 secs] [Times: user=0.00 sys=0.00, real=0.00 secs] 
34.111: [GC (Allocation Failure) 34.111: [ParNew: 105150K->809K(153600K), 0.0004698 secs] 105150K->809K(256000K), 0.0005024 secs] [Times: user=0.00 sys=0.00, real=0.00 secs] 
35.118: [GC (Allocation Failure) 35.118: [ParNew: 94938K->10906K(153600K), 0.0017396 secs] 94938K->10906K(256000K), 0.0017753 secs] [Times: user=0.00 sys=0.00, real=0.00 secs] 
36.125: [GC (Allocation Failure) 36.125: [ParNew: 105047K->21266K(153600K), 0.0075579 secs] 105047K->21266K(256000K), 0.0076388 secs] [Times: user=0.05 sys=0.02, real=0.01 secs] 
37.139: [GC (Allocation Failure) 37.139: [ParNew: 115416K->31430K(153600K), 0.0080688 secs] 115416K->31430K(256000K), 0.0081032 secs] [Times: user=0.06 sys=0.02, real=0.01 secs] 
39.153: [GC (Allocation Failure) 39.153: [ParNew: 125585K->0K(153600K), 0.0016134 secs] 125585K->554K(256000K), 0.0016453 secs] [Times: user=0.00 sys=0.00, real=0.00 secs] 
40.160: [GC (Allocation Failure) 40.160: [ParNew: 94158K->10240K(153600K), 0.0015144 secs] 94712K->10794K(256000K), 0.0015449 secs] [Times: user=0.09 sys=0.00, real=0.00 secs] 
41.167: [GC (Allocation Failure) 41.167: [ParNew: 104400K->10240K(153600K), 0.0014597 secs] 104954K->10794K(256000K), 0.0014890 secs] [Times: user=0.00 sys=0.00, real=0.00 secs] 
42.175: [GC (Allocation Failure) 42.175: [ParNew: 104402K->10240K(153600K), 0.0019956 secs] 104956K->10794K(256000K), 0.0020392 secs] [Times: user=0.00 sys=0.00, real=0.00 secs] 
43.183: [GC (Allocation Failure) 43.183: [ParNew: 104402K->0K(153600K), 0.0003452 secs] 104957K->554K(256000K), 0.0003760 secs] [Times: user=0.00 sys=0.00, real=0.00 secs] 
44.190: [GC (Allocation Failure) 44.190: [ParNew: 94163K->10240K(153600K), 0.0017061 secs] 94717K->10794K(256000K), 0.0017427 secs] [Times: user=0.00 sys=0.00, real=0.00 secs] 
45.197: [GC (Allocation Failure) 45.197: [ParNew: 104403K->20480K(153600K), 0.0030812 secs] 104958K->21034K(256000K), 0.0031159 secs] [Times: user=0.00 sys=0.00, real=0.00 secs] 
46.206: [GC (Allocation Failure) 46.206: [ParNew: 114644K->30720K(153600K), 0.0050822 secs] 115198K->31274K(256000K), 0.0051199 secs] [Times: user=0.06 sys=0.00, real=0.01 secs] 
48.216: [GC (Allocation Failure) 48.216: [ParNew: 124884K->0K(153600K), 0.0003765 secs] 125438K->554K(256000K), 0.0004056 secs] [Times: user=0.00 sys=0.00, real=0.00 secs] 
49.222: [GC (Allocation Failure) 49.222: [ParNew: 94164K->10240K(153600K), 0.0016551 secs] 94718K->10794K(256000K), 0.0016953 secs] [Times: user=0.00 sys=0.00, real=0.00 secs] 
50.230: [GC (Allocation Failure) 50.230: [ParNew: 104404K->10240K(153600K), 0.0017028 secs] 104958K->10794K(256000K), 0.0017408 secs] [Times: user=0.00 sys=0.00, real=0.00 secs] 
51.237: [GC (Allocation Failure) 51.237: [ParNew: 104404K->10240K(153600K), 0.0015850 secs] 104958K->10794K(256000K), 0.0016161 secs] [Times: user=0.00 sys=0.00, real=0.00 secs] 
52.244: [GC (Allocation Failure) 52.244: [ParNew: 104404K->0K(153600K), 0.0003037 secs] 104958K->554K(256000K), 0.0003729 secs] [Times: user=0.00 sys=0.00, real=0.00 secs] 
53.250: [GC (Allocation Failure) 53.250: [ParNew: 94164K->10240K(153600K), 0.0016404 secs] 94718K->10794K(256000K), 0.0016746 secs] [Times: user=0.00 sys=0.00, real=0.00 secs] 
54.257: [GC (Allocation Failure) 54.257: [ParNew: 104404K->20480K(153600K), 0.0037288 secs] 104958K->21034K(256000K), 0.0037678 secs] [Times: user=0.00 sys=0.00, real=0.00 secs] 
55.266: [GC (Allocation Failure) 55.266: [ParNew: 114644K->30720K(153600K), 0.0041274 secs] 115198K->31274K(256000K), 0.0041643 secs] [Times: user=0.00 sys=0.00, real=0.00 secs] 
57.275: [GC (Allocation Failure) 57.275: [ParNew: 124884K->0K(153600K), 0.0003984 secs] 125438K->554K(256000K), 0.0004450 secs] [Times: user=0.00 sys=0.00, real=0.00 secs] 
58.281: [GC (Allocation Failure) 58.281: [ParNew: 94164K->10240K(153600K), 0.0016161 secs] 94718K->10794K(256000K), 0.0016514 secs] [Times: user=0.00 sys=0.00, real=0.00 secs] 
59.288: [GC (Allocation Failure) 59.288: [ParNew: 104404K->10240K(153600K), 0.0019640 secs] 104958K->10794K(256000K), 0.0020100 secs] [Times: user=0.00 sys=0.00, real=0.00 secs] 
60.296: [GC (Allocation Failure) 60.296: [ParNew: 104404K->10240K(153600K), 0.0015344 secs] 104958K->10794K(256000K), 0.0015644 secs] [Times: user=0.00 sys=0.00, real=0.00 secs] 
61.303: [GC (Allocation Failure) 61.303: [ParNew: 104404K->0K(153600K), 0.0002666 secs] 104958K->554K(256000K), 0.0002958 secs] [Times: user=0.00 sys=0.00, real=0.00 secs] 
62.309: [GC (Allocation Failure) 62.309: [ParNew: 94164K->10240K(153600K), 0.0020968 secs] 94718K->10794K(256000K), 0.0021507 secs] [Times: user=0.00 sys=0.00, real=0.00 secs] 
63.317: [GC (Allocation Failure) 63.317: [ParNew: 104404K->20480K(153600K), 0.0028556 secs] 104958K->21034K(256000K), 0.0028872 secs] [Times: user=0.08 sys=0.00, real=0.00 secs] 
64.326: [GC (Allocation Failure) 64.326: [ParNew: 114644K->30720K(153600K), 0.0049288 secs] 115198K->31274K(256000K), 0.0049746 secs] [Times: user=0.00 sys=0.00, real=0.00 secs] 
66.337: [GC (Allocation Failure) 66.337: [ParNew: 124884K->0K(153600K), 0.0002759 secs] 125438K->554K(256000K), 0.0003076 secs] [Times: user=0.00 sys=0.00, real=0.00 secs] 
67.343: [GC (Allocation Failure) 67.343: [ParNew: 94164K->10240K(153600K), 0.0015625 secs] 94718K->10794K(256000K), 0.0015923 secs] [Times: user=0.00 sys=0.00, real=0.00 secs] 
68.350: [GC (Allocation Failure) 68.350: [ParNew: 104404K->10240K(153600K), 0.0014170 secs] 104958K->10794K(256000K), 0.0014477 secs] [Times: user=0.00 sys=0.00, real=0.00 secs] 
69.357: [GC (Allocation Failure) 69.357: [ParNew: 104404K->10240K(153600K), 0.0020628 secs] 104958K->10794K(256000K), 0.0021045 secs] [Times: user=0.00 sys=0.00, real=0.00 secs] 
70.364: [GC (Allocation Failure) 70.364: [ParNew: 104404K->0K(153600K), 0.0002745 secs] 104958K->554K(256000K), 0.0003012 secs] [Times: user=0.00 sys=0.00, real=0.00 secs] 
71.370: [GC (Allocation Failure) 71.370: [ParNew: 94164K->10240K(153600K), 0.0018231 secs] 94718K->10794K(256000K), 0.0018543 secs] [Times: user=0.00 sys=0.00, real=0.00 secs] 
72.379: [GC (Allocation Failure) 72.379: [ParNew: 104404K->20480K(153600K), 0.0047418 secs] 104958K->21034K(256000K), 0.0047891 secs] [Times: user=0.05 sys=0.00, real=0.00 secs] 
73.389: [GC (Allocation Failure) 73.389: [ParNew: 114644K->30720K(153600K), 0.0043938 secs] 115198K->31274K(256000K), 0.0044312 secs] [Times: user=0.00 sys=0.00, real=0.00 secs] 
75.398: [GC (Allocation Failure) 75.398: [ParNew: 124884K->0K(153600K), 0.0003384 secs] 125438K->554K(256000K), 0.0003668 secs] [Times: user=0.00 sys=0.00, real=0.00 secs] 
76.406: [GC (Allocation Failure) 76.406: [ParNew: 94164K->10240K(153600K), 0.0017910 secs] 94718K->10794K(256000K), 0.0018722 secs] [Times: user=0.00 sys=0.00, real=0.00 secs] 
77.417: [GC (Allocation Failure) 77.417: [ParNew: 104404K->10240K(153600K), 0.0014904 secs] 104958K->10794K(256000K), 0.0015217 secs] [Times: user=0.00 sys=0.00, real=0.00 secs] 
78.424: [GC (Allocation Failure) 78.424: [ParNew: 104404K->10240K(153600K), 0.0019642 secs] 104958K->10794K(256000K), 0.0020033 secs] [Times: user=0.00 sys=0.00, real=0.00 secs] 
79.431: [GC (Allocation Failure) 79.431: [ParNew: 104404K->0K(153600K), 0.0002623 secs] 104958K->554K(256000K), 0.0002946 secs] [Times: user=0.00 sys=0.00, real=0.00 secs] 
80.436: [GC (Allocation Failure) 80.436: [ParNew: 94164K->10240K(153600K), 0.0017519 secs] 94718K->10794K(256000K), 0.0017912 secs] [Times: user=0.00 sys=0.00, real=0.00 secs] 
81.444: [GC (Allocation Failure) 81.444: [ParNew: 104404K->20480K(153600K), 0.0032017 secs] 104958K->21034K(256000K), 0.0032375 secs] [Times: user=0.00 sys=0.00, real=0.00 secs] 
82.453: [GC (Allocation Failure) 82.453: [ParNew: 114644K->30720K(153600K), 0.0056362 secs] 115198K->31274K(256000K), 0.0056791 secs] [Times: user=0.08 sys=0.00, real=0.01 secs] 
84.464: [GC (Allocation Failure) 84.465: [ParNew: 124884K->0K(153600K), 0.0003045 secs] 125438K->554K(256000K), 0.0003389 secs] [Times: user=0.00 sys=0.00, real=0.00 secs] 
85.470: [GC (Allocation Failure) 85.470: [ParNew: 94164K->10240K(153600K), 0.0018350 secs] 94718K->10794K(256000K), 0.0018701 secs] [Times: user=0.00 sys=0.00, real=0.00 secs] 
86.478: [GC (Allocation Failure) 86.478: [ParNew: 104404K->10240K(153600K), 0.0016570 secs] 104958K->10794K(256000K), 0.0016946 secs] [Times: user=0.00 sys=0.00, real=0.00 secs] 
87.485: [GC (Allocation Failure) 87.485: [ParNew: 104404K->10240K(153600K), 0.0015196 secs] 104958K->10794K(256000K), 0.0015483 secs] [Times: user=0.00 sys=0.00, real=0.00 secs] 
88.493: [GC (Allocation Failure) 88.493: [ParNew: 104404K->0K(153600K), 0.0006045 secs] 104958K->554K(256000K), 0.0006348 secs] [Times: user=0.00 sys=0.00, real=0.00 secs] 
89.498: [GC (Allocation Failure) 89.498: [ParNew: 94164K->10240K(153600K), 0.0016764 secs] 94718K->10794K(256000K), 0.0017109 secs] [Times: user=0.00 sys=0.00, real=0.00 secs] 
90.505: [GC (Allocation Failure) 90.505: [ParNew: 104404K->20480K(153600K), 0.0037393 secs] 104958K->21034K(256000K), 0.0037980 secs] [Times: user=0.08 sys=0.00, real=0.00 secs] 
91.515: [GC (Allocation Failure) 91.515: [ParNew: 114644K->30720K(153600K), 0.0042227 secs] 115198K->31274K(256000K), 0.0042560 secs] [Times: user=0.00 sys=0.00, real=0.00 secs] 
93.525: [GC (Allocation Failure) 93.525: [ParNew: 124884K->0K(153600K), 0.0002563 secs] 125438K->554K(256000K), 0.0002932 secs] [Times: user=0.00 sys=0.00, real=0.00 secs] 
94.531: [GC (Allocation Failure) 94.531: [ParNew: 94164K->10240K(153600K), 0.0016121 secs] 94718K->10794K(256000K), 0.0016435 secs] [Times: user=0.00 sys=0.00, real=0.00 secs] 
95.537: [GC (Allocation Failure) 95.537: [ParNew: 104404K->10240K(153600K), 0.0021011 secs] 104958K->10794K(256000K), 0.0021450 secs] [Times: user=0.00 sys=0.00, real=0.00 secs] 
96.546: [GC (Allocation Failure) 96.546: [ParNew: 104404K->10240K(153600K), 0.0017330 secs] 104958K->10794K(256000K), 0.0017668 secs] [Times: user=0.00 sys=0.00, real=0.00 secs] 
97.553: [GC (Allocation Failure) 97.553: [ParNew: 104404K->0K(153600K), 0.0003206 secs] 104958K->554K(256000K), 0.0003491 secs] [Times: user=0.00 sys=0.00, real=0.00 secs] 
98.560: [GC (Allocation Failure) 98.560: [ParNew: 94164K->10240K(153600K), 0.0015448 secs] 94718K->10794K(256000K), 0.0015783 secs] [Times: user=0.00 sys=0.00, real=0.00 secs] 
99.567: [GC (Allocation Failure) 99.567: [ParNew: 104404K->20480K(153600K), 0.0029128 secs] 104958K->21034K(256000K), 0.0029468 secs] [Times: user=0.09 sys=0.00, real=0.00 secs] 
100.576: [GC (Allocation Failure) 100.576: [ParNew: 114644K->30720K(153600K), 0.0044635 secs] 115198K->31274K(256000K), 0.0045107 secs] [Times: user=0.00 sys=0.00, real=0.00 secs] 
102.586: [GC (Allocation Failure) 102.586: [ParNew: 124884K->0K(153600K), 0.0002385 secs] 125438K->554K(256000K), 0.0002676 secs] [Times: user=0.00 sys=0.00, real=0.00 secs] 
103.592: [GC (Allocation Failure) 103.592: [ParNew: 94164K->10240K(153600K), 0.0015805 secs] 94718K->10794K(256000K), 0.0016145 secs] [Times: user=0.00 sys=0.00, real=0.00 secs] 
104.600: [GC (Allocation Failure) 104.600: [ParNew: 104404K->10240K(153600K), 0.0015918 secs] 104958K->10794K(256000K), 0.0016258 secs] [Times: user=0.00 sys=0.00, real=0.00 secs] 
105.608: [GC (Allocation Failure) 105.608: [ParNew: 104404K->10240K(153600K), 0.0014726 secs] 104958K->10794K(256000K), 0.0015066 secs] [Times: user=0.00 sys=0.00, real=0.00 secs] 
106.614: [GC (Allocation Failure) 106.614: [ParNew: 104404K->0K(153600K), 0.0002511 secs] 104958K->554K(256000K), 0.0002804 secs] [Times: user=0.00 sys=0.00, real=0.00 secs] 
107.620: [GC (Allocation Failure) 107.620: [ParNew: 94164K->10240K(153600K), 0.0025417 secs] 94718K->10794K(256000K), 0.0026587 secs] [Times: user=0.00 sys=0.00, real=0.00 secs] 
108.629: [GC (Allocation Failure) 108.629: [ParNew: 104404K->20480K(153600K), 0.0028258 secs] 104958K->21034K(256000K), 0.0028559 secs] [Times: user=0.09 sys=0.00, real=0.00 secs] 
109.638: [GC (Allocation Failure) 109.638: [ParNew: 114644K->30720K(153600K), 0.0054204 secs] 115198K->31274K(256000K), 0.0054800 secs] [Times: user=0.00 sys=0.00, real=0.01 secs] 
111.650: [GC (Allocation Failure) 111.650: [ParNew: 124884K->0K(153600K), 0.0003877 secs] 125438K->554K(256000K), 0.0004138 secs] [Times: user=0.00 sys=0.00, real=0.00 secs] 
112.654: [GC (Allocation Failure) 112.654: [ParNew: 94164K->10240K(153600K), 0.0023670 secs] 94718K->10794K(256000K), 0.0024092 secs] [Times: user=0.00 sys=0.00, real=0.00 secs] 
113.662: [GC (Allocation Failure) 113.662: [ParNew: 104404K->10240K(153600K), 0.0020747 secs] 104958K->10794K(256000K), 0.0021140 secs] [Times: user=0.00 sys=0.00, real=0.00 secs] 
114.670: [GC (Allocation Failure) 114.670: [ParNew: 104404K->10240K(153600K), 0.0019266 secs] 104958K->10794K(256000K), 0.0019786 secs] [Times: user=0.00 sys=0.00, real=0.00 secs] 
115.678: [GC (Allocation Failure) 115.678: [ParNew: 104404K->0K(153600K), 0.0004145 secs] 104958K->554K(256000K), 0.0004457 secs] [Times: user=0.00 sys=0.00, real=0.00 secs] 
116.684: [GC (Allocation Failure) 116.684: [ParNew: 94164K->10240K(153600K), 0.0015301 secs] 94718K->10794K(256000K), 0.0015610 secs] [Times: user=0.00 sys=0.00, real=0.00 secs] 
117.692: [GC (Allocation Failure) 117.692: [ParNew: 104404K->20480K(153600K), 0.0028326 secs] 104958K->21034K(256000K), 0.0028766 secs] [Times: user=0.09 sys=0.00, real=0.00 secs] 
118.700: [GC (Allocation Failure) 118.700: [ParNew: 114644K->30720K(153600K), 0.0051557 secs] 115198K->31274K(256000K), 0.0052160 secs] [Times: user=0.00 sys=0.00, real=0.00 secs] 
120.712: [GC (Allocation Failure) 120.712: [ParNew: 124884K->0K(153600K), 0.0003380 secs] 125438K->554K(256000K), 0.0003686 secs] [Times: user=0.00 sys=0.00, real=0.00 secs] 
121.719: [GC (Allocation Failure) 121.719: [ParNew: 94164K->10240K(153600K), 0.0016297 secs] 94718K->10794K(256000K), 0.0016597 secs] [Times: user=0.00 sys=0.00, real=0.00 secs] 
122.728: [GC (Allocation Failure) 122.728: [ParNew: 104404K->10240K(153600K), 0.0015186 secs] 104958K->10794K(256000K), 0.0015530 secs] [Times: user=0.00 sys=0.00, real=0.00 secs] 
123.736: [GC (Allocation Failure) 123.736: [ParNew: 104404K->10240K(153600K), 0.0014479 secs] 104958K->10794K(256000K), 0.0014767 secs] [Times: user=0.00 sys=0.00, real=0.00 secs] 
124.744: [GC (Allocation Failure) 124.744: [ParNew: 104404K->0K(153600K), 0.0004278 secs] 104958K->554K(256000K), 0.0004548 secs] [Times: user=0.00 sys=0.00, real=0.00 secs] 
125.750: [GC (Allocation Failure) 125.750: [ParNew: 94164K->10240K(153600K), 0.0017495 secs] 94718K->10794K(256000K), 0.0017904 secs] [Times: user=0.00 sys=0.00, real=0.00 secs] 
126.758: [GC (Allocation Failure) 126.759: [ParNew: 104404K->20480K(153600K), 0.0030865 secs] 104958K->21034K(256000K), 0.0031261 secs] [Times: user=0.00 sys=0.00, real=0.00 secs] 
127.768: [GC (Allocation Failure) 127.768: [ParNew: 114644K->30720K(153600K), 0.0046936 secs] 115198K->31274K(256000K), 0.0047461 secs] [Times: user=0.08 sys=0.00, real=0.00 secs] 
129.778: [GC (Allocation Failure) 129.778: [ParNew: 124884K->0K(153600K), 0.0003118 secs] 125438K->554K(256000K), 0.0003483 secs] [Times: user=0.00 sys=0.00, real=0.00 secs] 
130.785: [GC (Allocation Failure) 130.785: [ParNew: 94164K->10240K(153600K), 0.0017913 secs] 94718K->10794K(256000K), 0.0018602 secs] [Times: user=0.00 sys=0.00, real=0.00 secs] 
131.795: [GC (Allocation Failure) 131.795: [ParNew: 104404K->10240K(153600K), 0.0015275 secs] 104958K->10794K(256000K), 0.0015585 secs] [Times: user=0.00 sys=0.00, real=0.00 secs] 
132.801: [GC (Allocation Failure) 132.801: [ParNew: 104404K->10240K(153600K), 0.0017482 secs] 104958K->10794K(256000K), 0.0017808 secs] [Times: user=0.08 sys=0.00, real=0.00 secs] 
133.809: [GC (Allocation Failure) 133.809: [ParNew: 104404K->0K(153600K), 0.0003674 secs] 104958K->554K(256000K), 0.0003949 secs] [Times: user=0.00 sys=0.00, real=0.00 secs] 
134.815: [GC (Allocation Failure) 134.815: [ParNew: 94164K->10240K(153600K), 0.0017609 secs] 94718K->10794K(256000K), 0.0017894 secs] [Times: user=0.00 sys=0.00, real=0.00 secs] 
135.823: [GC (Allocation Failure) 135.823: [ParNew: 104404K->20480K(153600K), 0.0033966 secs] 104958K->21034K(256000K), 0.0034458 secs] [Times: user=0.00 sys=0.00, real=0.00 secs] 
136.832: [GC (Allocation Failure) 136.832: [ParNew: 114644K->30720K(153600K), 0.0041007 secs] 115198K->31274K(256000K), 0.0041360 secs] [Times: user=0.09 sys=0.00, real=0.01 secs] 
138.843: [GC (Allocation Failure) 138.843: [ParNew: 124884K->0K(153600K), 0.0002801 secs] 125438K->554K(256000K), 0.0003084 secs] [Times: user=0.00 sys=0.00, real=0.00 secs] 
139.849: [GC (Allocation Failure) 139.849: [ParNew: 94164K->10240K(153600K), 0.0019542 secs] 94718K->10794K(256000K), 0.0019946 secs] [Times: user=0.06 sys=0.00, real=0.00 secs] 
140.858: [GC (Allocation Failure) 140.858: [ParNew: 104404K->10240K(153600K), 0.0017919 secs] 104958K->10794K(256000K), 0.0018317 secs] [Times: user=0.00 sys=0.00, real=0.00 secs] 
141.865: [GC (Allocation Failure) 141.865: [ParNew: 104404K->10240K(153600K), 0.0022955 secs] 104958K->10794K(256000K), 0.0023438 secs] [Times: user=0.00 sys=0.00, real=0.00 secs] 
142.874: [GC (Allocation Failure) 142.874: [ParNew: 104404K->0K(153600K), 0.0003528 secs] 104958K->554K(256000K), 0.0003919 secs] [Times: user=0.00 sys=0.00, real=0.00 secs] 
143.881: [GC (Allocation Failure) 143.881: [ParNew: 94164K->10240K(153600K), 0.0017434 secs] 94718K->10794K(256000K), 0.0017886 secs] [Times: user=0.00 sys=0.00, real=0.00 secs] 
144.888: [GC (Allocation Failure) 144.888: [ParNew: 104404K->20480K(153600K), 0.0038753 secs] 104958K->21034K(256000K), 0.0039395 secs] [Times: user=0.00 sys=0.00, real=0.00 secs] 
145.899: [GC (Allocation Failure) 145.899: [ParNew: 114644K->30720K(153600K), 0.0111238 secs] 115198K->31274K(256000K), 0.0112078 secs] [Times: user=0.00 sys=0.00, real=0.01 secs] 
147.916: [GC (Allocation Failure) 147.916: [ParNew: 124884K->0K(153600K), 0.0002703 secs] 125438K->554K(256000K), 0.0003053 secs] [Times: user=0.00 sys=0.00, real=0.00 secs] 
148.922: [GC (Allocation Failure) 148.922: [ParNew: 94164K->10240K(153600K), 0.0017055 secs] 94718K->10794K(256000K), 0.0017410 secs] [Times: user=0.00 sys=0.00, real=0.00 secs] 
149.929: [GC (Allocation Failure) 149.929: [ParNew: 104404K->10240K(153600K), 0.0015577 secs] 104958K->10794K(256000K), 0.0015929 secs] [Times: user=0.00 sys=0.00, real=0.00 secs] 
150.936: [GC (Allocation Failure) 150.936: [ParNew: 104404K->10240K(153600K), 0.0020943 secs] 104958K->10794K(256000K), 0.0021406 secs] [Times: user=0.00 sys=0.00, real=0.00 secs] 
151.944: [GC (Allocation Failure) 151.944: [ParNew: 104404K->0K(153600K), 0.0004304 secs] 104958K->554K(256000K), 0.0004567 secs] [Times: user=0.00 sys=0.00, real=0.00 secs] 
152.950: [GC (Allocation Failure) 152.950: [ParNew: 94164K->10240K(153600K), 0.0015077 secs] 94718K->10794K(256000K), 0.0015393 secs] [Times: user=0.00 sys=0.00, real=0.00 secs] 
153.958: [GC (Allocation Failure) 153.958: [ParNew: 104404K->20480K(153600K), 0.0033851 secs] 104958K->21034K(256000K), 0.0034853 secs] [Times: user=0.08 sys=0.00, real=0.00 secs] 
154.967: [GC (Allocation Failure) 154.967: [ParNew: 114644K->30720K(153600K), 0.0045560 secs] 115198K->31274K(256000K), 0.0046164 secs] [Times: user=0.00 sys=0.00, real=0.00 secs] 
156.976: [GC (Allocation Failure) 156.976: [ParNew: 124884K->0K(153600K), 0.0002989 secs] 125438K->554K(256000K), 0.0003309 secs] [Times: user=0.00 sys=0.00, real=0.00 secs] 
157.983: [GC (Allocation Failure) 157.983: [ParNew: 94164K->10240K(153600K), 0.0015800 secs] 94718K->10794K(256000K), 0.0016098 secs] [Times: user=0.00 sys=0.00, real=0.00 secs] 
158.991: [GC (Allocation Failure) 158.991: [ParNew: 104404K->10240K(153600K), 0.0018086 secs] 104958K->10794K(256000K), 0.0018424 secs] [Times: user=0.00 sys=0.00, real=0.00 secs] 
159.998: [GC (Allocation Failure) 159.998: [ParNew: 104404K->10240K(153600K), 0.0016977 secs] 104958K->10794K(256000K), 0.0017284 secs] [Times: user=0.00 sys=0.00, real=0.00 secs] 
161.005: [GC (Allocation Failure) 161.005: [ParNew: 104404K->0K(153600K), 0.0004552 secs] 104958K->554K(256000K), 0.0004987 secs] [Times: user=0.00 sys=0.00, real=0.00 secs] 
162.011: [GC (Allocation Failure) 162.011: [ParNew: 94164K->10240K(153600K), 0.0017515 secs] 94718K->10794K(256000K), 0.0017867 secs] [Times: user=0.00 sys=0.00, real=0.00 secs] 
163.018: [GC (Allocation Failure) 163.018: [ParNew: 104404K->20480K(153600K), 0.0036909 secs] 104958K->21034K(256000K), 0.0037229 secs] [Times: user=0.08 sys=0.00, real=0.00 secs] 
164.028: [GC (Allocation Failure) 164.028: [ParNew: 114644K->30720K(153600K), 0.0048774 secs] 115198K->31274K(256000K), 0.0049115 secs] [Times: user=0.00 sys=0.00, real=0.01 secs] 
166.040: [GC (Allocation Failure) 166.040: [ParNew: 124884K->0K(153600K), 0.0002460 secs] 125438K->554K(256000K), 0.0002947 secs] [Times: user=0.00 sys=0.00, real=0.00 secs] 
167.045: [GC (Allocation Failure) 167.046: [ParNew: 94164K->10240K(153600K), 0.0018597 secs] 94718K->10794K(256000K), 0.0018937 secs] [Times: user=0.00 sys=0.00, real=0.00 secs] 
168.053: [GC (Allocation Failure) 168.053: [ParNew: 104404K->10240K(153600K), 0.0020112 secs] 104958K->10794K(256000K), 0.0020596 secs] [Times: user=0.00 sys=0.00, real=0.00 secs] 
169.061: [GC (Allocation Failure) 169.061: [ParNew: 104404K->10240K(153600K), 0.0015162 secs] 104958K->10794K(256000K), 0.0015499 secs] [Times: user=0.00 sys=0.00, real=0.00 secs] 
170.068: [GC (Allocation Failure) 170.068: [ParNew: 104404K->0K(153600K), 0.0003057 secs] 104958K->554K(256000K), 0.0003327 secs] [Times: user=0.00 sys=0.00, real=0.00 secs] 
171.074: [GC (Allocation Failure) 171.074: [ParNew: 94164K->10240K(153600K), 0.0014901 secs] 94718K->10794K(256000K), 0.0015196 secs] [Times: user=0.00 sys=0.00, real=0.00 secs] 
172.082: [GC (Allocation Failure) 172.082: [ParNew: 104404K->20480K(153600K), 0.0033224 secs] 104958K->21034K(256000K), 0.0033597 secs] [Times: user=0.06 sys=0.01, real=0.00 secs] 
173.091: [GC (Allocation Failure) 173.091: [ParNew: 114644K->30720K(153600K), 0.0043702 secs] 115198K->31274K(256000K), 0.0044064 secs] [Times: user=0.00 sys=0.00, real=0.00 secs] 
175.101: [GC (Allocation Failure) 175.101: [ParNew: 124884K->0K(153600K), 0.0003272 secs] 125438K->554K(256000K), 0.0003610 secs] [Times: user=0.00 sys=0.00, real=0.00 secs] 
176.108: [GC (Allocation Failure) 176.108: [ParNew: 94164K->10240K(153600K), 0.0015382 secs] 94718K->10794K(256000K), 0.0015725 secs] [Times: user=0.00 sys=0.00, real=0.00 secs] 
177.115: [GC (Allocation Failure) 177.115: [ParNew: 104404K->10240K(153600K), 0.0016440 secs] 104958K->10794K(256000K), 0.0016825 secs] [Times: user=0.00 sys=0.00, real=0.00 secs] 
178.123: [GC (Allocation Failure) 178.123: [ParNew: 104404K->10240K(153600K), 0.0015029 secs] 104958K->10794K(256000K), 0.0015352 secs] [Times: user=0.00 sys=0.00, real=0.00 secs] 
179.130: [GC (Allocation Failure) 179.130: [ParNew: 104404K->0K(153600K), 0.0002682 secs] 104958K->554K(256000K), 0.0002953 secs] [Times: user=0.00 sys=0.00, real=0.00 secs] 
180.136: [GC (Allocation Failure) 180.136: [ParNew: 94164K->10240K(153600K), 0.0020486 secs] 94718K->10794K(256000K), 0.0020873 secs] [Times: user=0.00 sys=0.00, real=0.00 secs] 
181.143: [GC (Allocation Failure) 181.143: [ParNew: 104404K->20480K(153600K), 0.0028303 secs] 104958K->21034K(256000K), 0.0028632 secs] [Times: user=0.06 sys=0.00, real=0.00 secs] 
182.152: [GC (Allocation Failure) 182.152: [ParNew: 114644K->30720K(153600K), 0.0046456 secs] 115198K->31274K(256000K), 0.0047027 secs] [Times: user=0.00 sys=0.00, real=0.00 secs] 
184.161: [GC (Allocation Failure) 184.161: [ParNew: 124884K->0K(153600K), 0.0002774 secs] 125438K->554K(256000K), 0.0003037 secs] [Times: user=0.00 sys=0.00, real=0.00 secs] 
185.167: [GC (Allocation Failure) 185.167: [ParNew: 94164K->10240K(153600K), 0.0016401 secs] 94718K->10794K(256000K), 0.0016709 secs] [Times: user=0.00 sys=0.00, real=0.00 secs] 
186.175: [GC (Allocation Failure) 186.175: [ParNew: 104404K->10240K(153600K), 0.0016707 secs] 104958K->10794K(256000K), 0.0017001 secs] [Times: user=0.00 sys=0.00, real=0.00 secs] 
187.182: [GC (Allocation Failure) 187.182: [ParNew: 104404K->10240K(153600K), 0.0017856 secs] 104958K->10794K(256000K), 0.0018203 secs] [Times: user=0.00 sys=0.00, real=0.00 secs] 
188.189: [GC (Allocation Failure) 188.189: [ParNew: 104404K->0K(153600K), 0.0003197 secs] 104958K->554K(256000K), 0.0003523 secs] [Times: user=0.00 sys=0.00, real=0.00 secs] 
189.195: [GC (Allocation Failure) 189.195: [ParNew: 94164K->10240K(153600K), 0.0017420 secs] 94718K->10794K(256000K), 0.0017848 secs] [Times: user=0.00 sys=0.00, real=0.00 secs] 
190.202: [GC (Allocation Failure) 190.202: [ParNew: 104404K->20480K(153600K), 0.0036267 secs] 104958K->21034K(256000K), 0.0036640 secs] [Times: user=0.00 sys=0.00, real=0.00 secs] 
191.210: [GC (Allocation Failure) 191.210: [ParNew: 114644K->30720K(153600K), 0.0042080 secs] 115198K->31274K(256000K), 0.0042414 secs] [Times: user=0.00 sys=0.00, real=0.01 secs] 
193.220: [GC (Allocation Failure) 193.220: [ParNew: 124884K->0K(153600K), 0.0002704 secs] 125438K->554K(256000K), 0.0002966 secs] [Times: user=0.00 sys=0.00, real=0.00 secs] 
194.227: [GC (Allocation Failure) 194.227: [ParNew: 94164K->10240K(153600K), 0.0015789 secs] 94718K->10794K(256000K), 0.0016055 secs] [Times: user=0.00 sys=0.00, real=0.00 secs] 
195.234: [GC (Allocation Failure) 195.234: [ParNew: 104404K->10240K(153600K), 0.0017142 secs] 104958K->10794K(256000K), 0.0017530 secs] [Times: user=0.00 sys=0.00, real=0.00 secs] 
196.241: [GC (Allocation Failure) 196.241: [ParNew: 104404K->10240K(153600K), 0.0018250 secs] 104958K->10794K(256000K), 0.0018561 secs] [Times: user=0.00 sys=0.00, real=0.00 secs] 
197.248: [GC (Allocation Failure) 197.248: [ParNew: 104404K->0K(153600K), 0.0002308 secs] 104958K->554K(256000K), 0.0002566 secs] [Times: user=0.00 sys=0.00, real=0.00 secs] 
198.252: [GC (Allocation Failure) 198.252: [ParNew: 94164K->10240K(153600K), 0.0021322 secs] 94718K->10794K(256000K), 0.0021871 secs] [Times: user=0.00 sys=0.00, real=0.00 secs] 
199.260: [GC (Allocation Failure) 199.260: [ParNew: 104404K->20480K(153600K), 0.0028246 secs] 104958K->21034K(256000K), 0.0028543 secs] [Times: user=0.00 sys=0.00, real=0.00 secs] 
200.269: [GC (Allocation Failure) 200.269: [ParNew: 114644K->30720K(153600K), 0.0049728 secs] 115198K->31274K(256000K), 0.0050202 secs] [Times: user=0.09 sys=0.00, real=0.01 secs] 
202.279: [GC (Allocation Failure) 202.279: [ParNew: 124884K->0K(153600K), 0.0002896 secs] 125438K->554K(256000K), 0.0003171 secs] [Times: user=0.00 sys=0.00, real=0.00 secs] 
203.285: [GC (Allocation Failure) 203.285: [ParNew: 94164K->10240K(153600K), 0.0022104 secs] 94718K->10794K(256000K), 0.0022539 secs] [Times: user=0.00 sys=0.00, real=0.00 secs] 
204.292: [GC (Allocation Failure) 204.292: [ParNew: 104404K->10240K(153600K), 0.0014886 secs] 104958K->10794K(256000K), 0.0015184 secs] [Times: user=0.00 sys=0.00, real=0.00 secs] 
205.299: [GC (Allocation Failure) 205.299: [ParNew: 104404K->10240K(153600K), 0.0015714 secs] 104958K->10794K(256000K), 0.0016029 secs] [Times: user=0.00 sys=0.00, real=0.00 secs] 
206.306: [GC (Allocation Failure) 206.306: [ParNew: 104404K->0K(153600K), 0.0003130 secs] 104958K->554K(256000K), 0.0003462 secs] [Times: user=0.00 sys=0.00, real=0.00 secs] 
207.311: [GC (Allocation Failure) 207.311: [ParNew: 94164K->10240K(153600K), 0.0015354 secs] 94718K->10794K(256000K), 0.0015734 secs] [Times: user=0.00 sys=0.00, real=0.00 secs] 
208.319: [GC (Allocation Failure) 208.319: [ParNew: 104404K->20480K(153600K), 0.0032316 secs] 104958K->21034K(256000K), 0.0032784 secs] [Times: user=0.00 sys=0.00, real=0.00 secs] 
209.327: [GC (Allocation Failure) 209.327: [ParNew: 114644K->30720K(153600K), 0.0044413 secs] 115198K->31274K(256000K), 0.0044786 secs] [Times: user=0.00 sys=0.00, real=0.00 secs] 
211.339: [GC (Allocation Failure) 211.339: [ParNew: 124884K->0K(153600K), 0.0002656 secs] 125438K->554K(256000K), 0.0002954 secs] [Times: user=0.00 sys=0.00, real=0.00 secs] 
212.344: [GC (Allocation Failure) 212.344: [ParNew: 94164K->10240K(153600K), 0.0019490 secs] 94718K->10794K(256000K), 0.0019838 secs] [Times: user=0.00 sys=0.00, real=0.00 secs] 
213.352: [GC (Allocation Failure) 213.352: [ParNew: 104404K->10240K(153600K), 0.0019154 secs] 104958K->10794K(256000K), 0.0019594 secs] [Times: user=0.00 sys=0.00, real=0.00 secs] 
214.359: [GC (Allocation Failure) 214.359: [ParNew: 104404K->10240K(153600K), 0.0017289 secs] 104958K->10794K(256000K), 0.0017551 secs] [Times: user=0.00 sys=0.00, real=0.00 secs] 
215.366: [GC (Allocation Failure) 215.366: [ParNew: 104404K->0K(153600K), 0.0002822 secs] 104958K->554K(256000K), 0.0003155 secs] [Times: user=0.00 sys=0.00, real=0.00 secs] 
216.373: [GC (Allocation Failure) 216.373: [ParNew: 94164K->10240K(153600K), 0.0015738 secs] 94718K->10794K(256000K), 0.0016051 secs] [Times: user=0.00 sys=0.00, real=0.00 secs] 
217.380: [GC (Allocation Failure) 217.380: [ParNew: 104404K->20480K(153600K), 0.0029247 secs] 104958K->21034K(256000K), 0.0029599 secs] [Times: user=0.09 sys=0.00, real=0.00 secs] 
218.389: [GC (Allocation Failure) 218.389: [ParNew: 114644K->30720K(153600K), 0.0044737 secs] 115198K->31274K(256000K), 0.0045211 secs] [Times: user=0.00 sys=0.00, real=0.00 secs] 
220.399: [GC (Allocation Failure) 220.399: [ParNew: 124884K->0K(153600K), 0.0003109 secs] 125438K->554K(256000K), 0.0003434 secs] [Times: user=0.00 sys=0.00, real=0.00 secs] 
221.405: [GC (Allocation Failure) 221.405: [ParNew: 94164K->10240K(153600K), 0.0016062 secs] 94718K->10794K(256000K), 0.0016398 secs] [Times: user=0.00 sys=0.00, real=0.00 secs] 
222.413: [GC (Allocation Failure) 222.413: [ParNew: 104404K->10240K(153600K), 0.0015984 secs] 104958K->10794K(256000K), 0.0016300 secs] [Times: user=0.00 sys=0.00, real=0.00 secs] 
223.420: [GC (Allocation Failure) 223.420: [ParNew: 104404K->10240K(153600K), 0.0017492 secs] 104958K->10794K(256000K), 0.0017857 secs] [Times: user=0.00 sys=0.00, real=0.00 secs] 
224.427: [GC (Allocation Failure) 224.427: [ParNew: 104404K->0K(153600K), 0.0004043 secs] 104958K->554K(256000K), 0.0004333 secs] [Times: user=0.00 sys=0.00, real=0.00 secs] 
225.433: [GC (Allocation Failure) 225.433: [ParNew: 94164K->10240K(153600K), 0.0022420 secs] 94718K->10794K(256000K), 0.0022800 secs] [Times: user=0.00 sys=0.00, real=0.00 secs] 
226.441: [GC (Allocation Failure) 226.441: [ParNew: 104404K->20480K(153600K), 0.0026664 secs] 104958K->21034K(256000K), 0.0026983 secs] [Times: user=0.09 sys=0.00, real=0.00 secs] 
227.449: [GC (Allocation Failure) 227.449: [ParNew: 114644K->30720K(153600K), 0.0048605 secs] 115198K->31274K(256000K), 0.0048983 secs] [Times: user=0.00 sys=0.00, real=0.01 secs] 
229.460: [GC (Allocation Failure) 229.460: [ParNew: 124884K->0K(153600K), 0.0003322 secs] 125438K->554K(256000K), 0.0003637 secs] [Times: user=0.00 sys=0.00, real=0.00 secs] 
230.466: [GC (Allocation Failure) 230.466: [ParNew: 94164K->10240K(153600K), 0.0017600 secs] 94718K->10794K(256000K), 0.0018063 secs] [Times: user=0.00 sys=0.00, real=0.00 secs] 
231.474: [GC (Allocation Failure) 231.474: [ParNew: 104404K->10240K(153600K), 0.0014638 secs] 104958K->10794K(256000K), 0.0014908 secs] [Times: user=0.09 sys=0.00, real=0.00 secs] 
232.481: [GC (Allocation Failure) 232.481: [ParNew: 104404K->10240K(153600K), 0.0017993 secs] 104958K->10794K(256000K), 0.0018338 secs] [Times: user=0.00 sys=0.00, real=0.00 secs] 
233.490: [GC (Allocation Failure) 233.490: [ParNew: 104404K->0K(153600K), 0.0003046 secs] 104958K->554K(256000K), 0.0003722 secs] [Times: user=0.00 sys=0.00, real=0.00 secs] 
234.496: [GC (Allocation Failure) 234.496: [ParNew: 94164K->10240K(153600K), 0.0014820 secs] 94718K->10794K(256000K), 0.0015156 secs] [Times: user=0.00 sys=0.00, real=0.00 secs] 
235.504: [GC (Allocation Failure) 235.504: [ParNew: 104404K->20480K(153600K), 0.0028703 secs] 104958K->21034K(256000K), 0.0029145 secs] [Times: user=0.09 sys=0.00, real=0.00 secs] 
236.512: [GC (Allocation Failure) 236.512: [ParNew: 114644K->30720K(153600K), 0.0041864 secs] 115198K->31274K(256000K), 0.0042260 secs] [Times: user=0.00 sys=0.00, real=0.01 secs] 
238.524: [GC (Allocation Failure) 238.524: [ParNew: 124884K->0K(153600K), 0.0003793 secs] 125438K->554K(256000K), 0.0004088 secs] [Times: user=0.00 sys=0.00, real=0.00 secs] 
239.530: [GC (Allocation Failure) 239.530: [ParNew: 94164K->10240K(153600K), 0.0015928 secs] 94718K->10794K(256000K), 0.0016366 secs] [Times: user=0.00 sys=0.00, real=0.00 secs] 
240.539: [GC (Allocation Failure) 240.539: [ParNew: 104404K->10240K(153600K), 0.0018374 secs] 104958K->10794K(256000K), 0.0018753 secs] [Times: user=0.00 sys=0.00, real=0.00 secs] 
241.546: [GC (Allocation Failure) 241.546: [ParNew: 104404K->10240K(153600K), 0.0015301 secs] 104958K->10794K(256000K), 0.0015580 secs] [Times: user=0.00 sys=0.00, real=0.00 secs] 
242.554: [GC (Allocation Failure) 242.554: [ParNew: 104404K->0K(153600K), 0.0003913 secs] 104958K->554K(256000K), 0.0004223 secs] [Times: user=0.00 sys=0.00, real=0.00 secs] 
243.561: [GC (Allocation Failure) 243.561: [ParNew: 94164K->10240K(153600K), 0.0017024 secs] 94718K->10794K(256000K), 0.0017352 secs] [Times: user=0.00 sys=0.00, real=0.00 secs] 
244.567: [GC (Allocation Failure) 244.567: [ParNew: 104404K->20480K(153600K), 0.0029829 secs] 104958K->21034K(256000K), 0.0030461 secs] [Times: user=0.06 sys=0.00, real=0.00 secs] 
245.576: [GC (Allocation Failure) 245.576: [ParNew: 114644K->30720K(153600K), 0.0051773 secs] 115198K->31274K(256000K), 0.0052285 secs] [Times: user=0.00 sys=0.00, real=0.00 secs] 
247.589: [GC (Allocation Failure) 247.589: [ParNew: 124884K->0K(153600K), 0.0002721 secs] 125438K->554K(256000K), 0.0003040 secs] [Times: user=0.00 sys=0.00, real=0.00 secs] 
248.594: [GC (Allocation Failure) 248.594: [ParNew: 94164K->10240K(153600K), 0.0015950 secs] 94718K->10794K(256000K), 0.0016215 secs] [Times: user=0.00 sys=0.00, real=0.00 secs] 
249.601: [GC (Allocation Failure) 249.601: [ParNew: 104404K->10240K(153600K), 0.0021961 secs] 104958K->10794K(256000K), 0.0022559 secs] [Times: user=0.00 sys=0.00, real=0.00 secs] 
250.610: [GC (Allocation Failure) 250.610: [ParNew: 104404K->10240K(153600K), 0.0017361 secs] 104958K->10794K(256000K), 0.0017727 secs] [Times: user=0.00 sys=0.00, real=0.00 secs] 
251.618: [GC (Allocation Failure) 251.618: [ParNew: 104404K->0K(153600K), 0.0003551 secs] 104958K->554K(256000K), 0.0004186 secs] [Times: user=0.00 sys=0.00, real=0.00 secs] 
252.625: [GC (Allocation Failure) 252.625: [ParNew: 94164K->10240K(153600K), 0.0016826 secs] 94718K->10794K(256000K), 0.0017170 secs] [Times: user=0.00 sys=0.00, real=0.00 secs] 
253.632: [GC (Allocation Failure) 253.632: [ParNew: 104404K->20480K(153600K), 0.0039490 secs] 104958K->21034K(256000K), 0.0039927 secs] [Times: user=0.00 sys=0.00, real=0.00 secs] 
254.642: [GC (Allocation Failure) 254.642: [ParNew: 114644K->30720K(153600K), 0.0043402 secs] 115198K->31274K(256000K), 0.0043809 secs] [Times: user=0.00 sys=0.00, real=0.00 secs] 
256.652: [GC (Allocation Failure) 256.652: [ParNew: 124884K->0K(153600K), 0.0003057 secs] 125438K->554K(256000K), 0.0003335 secs] [Times: user=0.00 sys=0.00, real=0.00 secs] 
257.658: [GC (Allocation Failure) 257.658: [ParNew: 94164K->10240K(153600K), 0.0016247 secs] 94718K->10794K(256000K), 0.0016606 secs] [Times: user=0.00 sys=0.00, real=0.00 secs] 
258.666: [GC (Allocation Failure) 258.666: [ParNew: 104404K->10240K(153600K), 0.0022332 secs] 104958K->10794K(256000K), 0.0022806 secs] [Times: user=0.00 sys=0.00, real=0.00 secs] 
259.673: [GC (Allocation Failure) 259.673: [ParNew: 104404K->10240K(153600K), 0.0015728 secs] 104958K->10794K(256000K), 0.0016065 secs] [Times: user=0.00 sys=0.00, real=0.00 secs] 
260.681: [GC (Allocation Failure) 260.681: [ParNew: 104404K->0K(153600K), 0.0002738 secs] 104958K->554K(256000K), 0.0003082 secs] [Times: user=0.00 sys=0.00, real=0.00 secs] 
261.687: [GC (Allocation Failure) 261.687: [ParNew: 94164K->10240K(153600K), 0.0020779 secs] 94718K->10794K(256000K), 0.0021124 secs] [Times: user=0.00 sys=0.00, real=0.00 secs] 
262.694: [GC (Allocation Failure) 262.694: [ParNew: 104404K->20480K(153600K), 0.0030224 secs] 104958K->21034K(256000K), 0.0030573 secs] [Times: user=0.00 sys=0.00, real=0.00 secs] 
263.704: [GC (Allocation Failure) 263.704: [ParNew: 114644K->30720K(153600K), 0.0043797 secs] 115198K->31274K(256000K), 0.0044115 secs] [Times: user=0.00 sys=0.00, real=0.00 secs] 
265.713: [GC (Allocation Failure) 265.713: [ParNew: 124884K->0K(153600K), 0.0002689 secs] 125438K->554K(256000K), 0.0003052 secs] [Times: user=0.00 sys=0.00, real=0.00 secs] 
266.720: [GC (Allocation Failure) 266.720: [ParNew: 94164K->10240K(153600K), 0.0017287 secs] 94718K->10794K(256000K), 0.0017599 secs] [Times: user=0.00 sys=0.00, real=0.00 secs] 
267.728: [GC (Allocation Failure) 267.728: [ParNew: 104404K->10240K(153600K), 0.0016847 secs] 104958K->10794K(256000K), 0.0017188 secs] [Times: user=0.00 sys=0.00, real=0.00 secs] 
268.735: [GC (Allocation Failure) 268.736: [ParNew: 104404K->10240K(153600K), 0.0015066 secs] 104958K->10794K(256000K), 0.0015374 secs] [Times: user=0.00 sys=0.00, real=0.00 secs] 
269.743: [GC (Allocation Failure) 269.743: [ParNew: 104404K->0K(153600K), 0.0002713 secs] 104958K->554K(256000K), 0.0003044 secs] [Times: user=0.00 sys=0.00, real=0.00 secs] 
270.750: [GC (Allocation Failure) 270.750: [ParNew: 94164K->10240K(153600K), 0.0019796 secs] 94718K->10794K(256000K), 0.0020246 secs] [Times: user=0.00 sys=0.00, real=0.00 secs] 
271.758: [GC (Allocation Failure) 271.758: [ParNew: 104404K->20480K(153600K), 0.0028926 secs] 104958K->21034K(256000K), 0.0029303 secs] [Times: user=0.00 sys=0.00, real=0.00 secs] 
272.767: [GC (Allocation Failure) 272.767: [ParNew: 114644K->30720K(153600K), 0.0052364 secs] 115198K->31274K(256000K), 0.0052868 secs] [Times: user=0.05 sys=0.00, real=0.00 secs] 
274.780: [GC (Allocation Failure) 274.780: [ParNew: 124884K->0K(153600K), 0.0003889 secs] 125438K->554K(256000K), 0.0004141 secs] [Times: user=0.00 sys=0.00, real=0.00 secs] 
275.786: [GC (Allocation Failure) 275.786: [ParNew: 94164K->10240K(153600K), 0.0017577 secs] 94718K->10794K(256000K), 0.0017943 secs] [Times: user=0.09 sys=0.00, real=0.00 secs] 
276.794: [GC (Allocation Failure) 276.794: [ParNew: 104404K->10240K(153600K), 0.0014460 secs] 104958K->10794K(256000K), 0.0014780 secs] [Times: user=0.00 sys=0.00, real=0.00 secs] 
277.801: [GC (Allocation Failure) 277.801: [ParNew: 104404K->10240K(153600K), 0.0020855 secs] 104958K->10794K(256000K), 0.0021378 secs] [Times: user=0.08 sys=0.00, real=0.00 secs] 
278.810: [GC (Allocation Failure) 278.810: [ParNew: 104404K->0K(153600K), 0.0003229 secs] 104958K->554K(256000K), 0.0003721 secs] [Times: user=0.00 sys=0.00, real=0.00 secs] 
279.816: [GC (Allocation Failure) 279.816: [ParNew: 94164K->10240K(153600K), 0.0021015 secs] 94718K->10794K(256000K), 0.0021439 secs] [Times: user=0.02 sys=0.00, real=0.00 secs] 
280.825: [GC (Allocation Failure) 280.825: [ParNew: 104404K->20480K(153600K), 0.0037186 secs] 104958K->21034K(256000K), 0.0037770 secs] [Times: user=0.00 sys=0.00, real=0.00 secs] 
281.835: [GC (Allocation Failure) 281.835: [ParNew: 114644K->30720K(153600K), 0.0064787 secs] 115198K->31274K(256000K), 0.0065332 secs] [Times: user=0.00 sys=0.00, real=0.01 secs] 
283.847: [GC (Allocation Failure) 283.848: [ParNew: 124884K->0K(153600K), 0.0002922 secs] 125438K->554K(256000K), 0.0003333 secs] [Times: user=0.00 sys=0.00, real=0.00 secs] 
284.855: [GC (Allocation Failure) 284.855: [ParNew: 94164K->10240K(153600K), 0.0018001 secs] 94718K->10794K(256000K), 0.0018494 secs] [Times: user=0.00 sys=0.00, real=0.00 secs] 
285.864: [GC (Allocation Failure) 285.864: [ParNew: 104404K->10240K(153600K), 0.0019968 secs] 104958K->10794K(256000K), 0.0020371 secs] [Times: user=0.08 sys=0.00, real=0.00 secs] 
286.873: [GC (Allocation Failure) 286.873: [ParNew: 104404K->10240K(153600K), 0.0016842 secs] 104958K->10794K(256000K), 0.0017112 secs] [Times: user=0.00 sys=0.00, real=0.00 secs] 
287.883: [GC (Allocation Failure) 287.883: [ParNew: 104404K->0K(153600K), 0.0003146 secs] 104958K->554K(256000K), 0.0003527 secs] [Times: user=0.00 sys=0.00, real=0.00 secs] 
288.891: [GC (Allocation Failure) 288.891: [ParNew: 94164K->0K(153600K), 0.0003773 secs] 94718K->554K(256000K), 0.0004087 secs] [Times: user=0.00 sys=0.00, real=0.00 secs] 
289.901: [GC (Allocation Failure) 289.901: [ParNew: 94179K->0K(153600K), 0.0004265 secs] 94734K->554K(256000K), 0.0004744 secs] [Times: user=0.00 sys=0.00, real=0.00 secs] 
290.910: [GC (Allocation Failure) 290.910: [ParNew: 94174K->0K(153600K), 0.0003054 secs] 94728K->554K(256000K), 0.0003346 secs] [Times: user=0.00 sys=0.00, real=0.00 secs] 
292.921: [GC (Allocation Failure) 292.921: [ParNew: 94170K->0K(153600K), 0.0004314 secs] 94725K->554K(256000K), 0.0004618 secs] [Times: user=0.00 sys=0.00, real=0.00 secs] 
293.930: [GC (Allocation Failure) 293.930: [ParNew: 94168K->0K(153600K), 0.0003662 secs] 94722K->554K(256000K), 0.0003940 secs] [Times: user=0.00 sys=0.00, real=0.00 secs] 
294.941: [GC (Allocation Failure) 294.941: [ParNew: 94167K->0K(153600K), 0.0003276 secs] 94721K->554K(256000K), 0.0003576 secs] [Times: user=0.00 sys=0.00, real=0.00 secs] 
295.951: [GC (Allocation Failure) 295.951: [ParNew: 94166K->0K(153600K), 0.0002731 secs] 94720K->554K(256000K), 0.0003102 secs] [Times: user=0.00 sys=0.00, real=0.00 secs] 
296.962: [GC (Allocation Failure) 296.962: [ParNew: 94165K->0K(153600K), 0.0002360 secs] 94719K->554K(256000K), 0.0002697 secs] [Times: user=0.00 sys=0.00, real=0.00 secs] 
297.972: [GC (Allocation Failure) 297.972: [ParNew: 94165K->0K(153600K), 0.0002742 secs] 94719K->554K(256000K), 0.0003050 secs] [Times: user=0.00 sys=0.00, real=0.00 secs] 
298.982: [GC (Allocation Failure) 298.982: [ParNew: 94164K->0K(153600K), 0.0004261 secs] 94719K->554K(256000K), 0.0004717 secs] [Times: user=0.00 sys=0.00, real=0.00 secs] 
299.991: [GC (Allocation Failure) 299.991: [ParNew: 94164K->0K(153600K), 0.0002605 secs] 94719K->554K(256000K), 0.0002951 secs] [Times: user=0.00 sys=0.00, real=0.00 secs] 
302.001: [GC (Allocation Failure) 302.001: [ParNew: 94164K->0K(153600K), 0.0002813 secs] 94718K->554K(256000K), 0.0003110 secs] [Times: user=0.00 sys=0.00, real=0.00 secs] 
303.011: [GC (Allocation Failure) 303.011: [ParNew: 94164K->0K(153600K), 0.0002878 secs] 94718K->554K(256000K), 0.0003177 secs] [Times: user=0.00 sys=0.00, real=0.00 secs] 
304.023: [GC (Allocation Failure) 304.023: [ParNew: 94164K->0K(153600K), 0.0002952 secs] 94718K->554K(256000K), 0.0003317 secs] [Times: user=0.00 sys=0.00, real=0.00 secs] 
305.033: [GC (Allocation Failure) 305.033: [ParNew: 94164K->0K(153600K), 0.0003045 secs] 94718K->554K(256000K), 0.0003416 secs] [Times: user=0.00 sys=0.00, real=0.00 secs] 
306.042: [GC (Allocation Failure) 306.043: [ParNew: 94164K->0K(153600K), 0.0002924 secs] 94718K->554K(256000K), 0.0003267 secs] [Times: user=0.00 sys=0.00, real=0.00 secs] 
307.051: [GC (Allocation Failure) 307.051: [ParNew: 94164K->0K(153600K), 0.0004926 secs] 94718K->554K(256000K), 0.0005246 secs] [Times: user=0.00 sys=0.00, real=0.00 secs] 
308.061: [GC (Allocation Failure) 308.061: [ParNew: 94164K->0K(153600K), 0.0002764 secs] 94718K->554K(256000K), 0.0003125 secs] [Times: user=0.00 sys=0.00, real=0.00 secs] 
309.070: [GC (Allocation Failure) 309.070: [ParNew: 94164K->0K(153600K), 0.0003376 secs] 94718K->554K(256000K), 0.0003707 secs] [Times: user=0.00 sys=0.00, real=0.00 secs] 
311.079: [GC (Allocation Failure) 311.079: [ParNew: 94164K->0K(153600K), 0.0003063 secs] 94718K->554K(256000K), 0.0003307 secs] [Times: user=0.00 sys=0.00, real=0.00 secs] 
312.089: [GC (Allocation Failure) 312.089: [ParNew: 94164K->0K(153600K), 0.0002697 secs] 94718K->554K(256000K), 0.0003054 secs] [Times: user=0.00 sys=0.00, real=0.00 secs] 
313.098: [GC (Allocation Failure) 313.098: [ParNew: 94164K->0K(153600K), 0.0005747 secs] 94718K->554K(256000K), 0.0006089 secs] [Times: user=0.00 sys=0.00, real=0.00 secs] 
314.109: [GC (Allocation Failure) 314.109: [ParNew: 94164K->0K(153600K), 0.0003131 secs] 94718K->554K(256000K), 0.0003400 secs] [Times: user=0.00 sys=0.00, real=0.00 secs] 
315.118: [GC (Allocation Failure) 315.118: [ParNew: 94164K->0K(153600K), 0.0004553 secs] 94718K->554K(256000K), 0.0004887 secs] [Times: user=0.00 sys=0.00, real=0.00 secs] 
316.127: [GC (Allocation Failure) 316.127: [ParNew: 94164K->0K(153600K), 0.0002604 secs] 94718K->554K(256000K), 0.0002916 secs] [Times: user=0.00 sys=0.00, real=0.00 secs] 
317.137: [GC (Allocation Failure) 317.137: [ParNew: 94164K->0K(153600K), 0.0004032 secs] 94718K->554K(256000K), 0.0004309 secs] [Times: user=0.00 sys=0.00, real=0.00 secs] 
318.147: [GC (Allocation Failure) 318.147: [ParNew: 94164K->0K(153600K), 0.0003704 secs] 94718K->554K(256000K), 0.0004020 secs] [Times: user=0.00 sys=0.00, real=0.00 secs] 
320.157: [GC (Allocation Failure) 320.157: [ParNew: 94164K->0K(153600K), 0.0002456 secs] 94718K->554K(256000K), 0.0002738 secs] [Times: user=0.00 sys=0.00, real=0.00 secs] 
321.168: [GC (Allocation Failure) 321.168: [ParNew: 94164K->0K(153600K), 0.0002568 secs] 94718K->554K(256000K), 0.0002914 secs] [Times: user=0.00 sys=0.00, real=0.00 secs] 
322.177: [GC (Allocation Failure) 322.177: [ParNew: 94164K->0K(153600K), 0.0004032 secs] 94718K->554K(256000K), 0.0004315 secs] [Times: user=0.00 sys=0.00, real=0.00 secs] 
323.187: [GC (Allocation Failure) 323.187: [ParNew: 94164K->0K(153600K), 0.0004105 secs] 94718K->554K(256000K), 0.0004420 secs] [Times: user=0.00 sys=0.00, real=0.00 secs] 
324.196: [GC (Allocation Failure) 324.196: [ParNew: 94164K->0K(153600K), 0.0002487 secs] 94718K->554K(256000K), 0.0002804 secs] [Times: user=0.00 sys=0.00, real=0.00 secs] 
325.206: [GC (Allocation Failure) 325.206: [ParNew: 94164K->0K(153600K), 0.0003693 secs] 94718K->554K(256000K), 0.0003947 secs] [Times: user=0.00 sys=0.00, real=0.00 secs] 
326.215: [GC (Allocation Failure) 326.215: [ParNew: 94164K->0K(153600K), 0.0003584 secs] 94718K->554K(256000K), 0.0003888 secs] [Times: user=0.00 sys=0.00, real=0.00 secs] 
327.225: [GC (Allocation Failure) 327.225: [ParNew: 94164K->0K(153600K), 0.0003133 secs] 94718K->554K(256000K), 0.0003438 secs] [Times: user=0.00 sys=0.00, real=0.00 secs] 
329.235: [GC (Allocation Failure) 329.235: [ParNew: 94164K->0K(153600K), 0.0002693 secs] 94718K->554K(256000K), 0.0002977 secs] [Times: user=0.00 sys=0.00, real=0.00 secs] 
330.244: [GC (Allocation Failure) 330.244: [ParNew: 94164K->0K(153600K), 0.0003225 secs] 94718K->554K(256000K), 0.0003523 secs] [Times: user=0.00 sys=0.00, real=0.00 secs] 
331.255: [GC (Allocation Failure) 331.255: [ParNew: 94164K->0K(153600K), 0.0003126 secs] 94718K->554K(256000K), 0.0003451 secs] [Times: user=0.00 sys=0.00, real=0.00 secs] 
332.266: [GC (Allocation Failure) 332.266: [ParNew: 94164K->0K(153600K), 0.0003121 secs] 94718K->554K(256000K), 0.0003633 secs] [Times: user=0.00 sys=0.00, real=0.00 secs] 
333.276: [GC (Allocation Failure) 333.276: [ParNew: 94164K->0K(153600K), 0.0002488 secs] 94718K->554K(256000K), 0.0002809 secs] [Times: user=0.00 sys=0.00, real=0.00 secs] 
334.286: [GC (Allocation Failure) 334.286: [ParNew: 94164K->0K(153600K), 0.0003674 secs] 94718K->554K(256000K), 0.0003960 secs] [Times: user=0.00 sys=0.00, real=0.00 secs] 
335.296: [GC (Allocation Failure) 335.296: [ParNew: 94164K->0K(153600K), 0.0003375 secs] 94718K->554K(256000K), 0.0003666 secs] [Times: user=0.00 sys=0.00, real=0.00 secs] 
336.305: [GC (Allocation Failure) 336.305: [ParNew: 94164K->0K(153600K), 0.0003084 secs] 94718K->554K(256000K), 0.0003397 secs] [Times: user=0.00 sys=0.00, real=0.00 secs] 
338.317: [GC (Allocation Failure) 338.317: [ParNew: 94164K->0K(153600K), 0.0002718 secs] 94718K->554K(256000K), 0.0003036 secs] [Times: user=0.00 sys=0.00, real=0.00 secs] 
339.327: [GC (Allocation Failure) 339.327: [ParNew: 94164K->0K(153600K), 0.0003955 secs] 94718K->554K(256000K), 0.0004269 secs] [Times: user=0.00 sys=0.00, real=0.00 secs] 
340.338: [GC (Allocation Failure) 340.338: [ParNew: 94164K->0K(153600K), 0.0003180 secs] 94718K->554K(256000K), 0.0003508 secs] [Times: user=0.00 sys=0.00, real=0.00 secs] 
341.346: [GC (Allocation Failure) 341.346: [ParNew: 94164K->0K(153600K), 0.0003150 secs] 94718K->554K(256000K), 0.0003594 secs] [Times: user=0.00 sys=0.00, real=0.00 secs] 
342.356: [GC (Allocation Failure) 342.356: [ParNew: 94164K->0K(153600K), 0.0002751 secs] 94718K->554K(256000K), 0.0003088 secs] [Times: user=0.00 sys=0.00, real=0.00 secs] 
343.366: [GC (Allocation Failure) 343.366: [ParNew: 94164K->0K(153600K), 0.0004358 secs] 94718K->554K(256000K), 0.0004655 secs] [Times: user=0.00 sys=0.00, real=0.00 secs] 
344.376: [GC (Allocation Failure) 344.376: [ParNew: 94164K->0K(153600K), 0.0003680 secs] 94718K->554K(256000K), 0.0003962 secs] [Times: user=0.00 sys=0.00, real=0.00 secs] 
345.387: [GC (Allocation Failure) 345.387: [ParNew: 94164K->0K(153600K), 0.0002883 secs] 94718K->554K(256000K), 0.0003176 secs] [Times: user=0.00 sys=0.00, real=0.00 secs] 
347.397: [GC (Allocation Failure) 347.397: [ParNew: 94164K->0K(153600K), 0.0002642 secs] 94718K->554K(256000K), 0.0002962 secs] [Times: user=0.00 sys=0.00, real=0.00 secs] 
348.406: [GC (Allocation Failure) 348.406: [ParNew: 94164K->0K(153600K), 0.0003541 secs] 94718K->554K(256000K), 0.0003869 secs] [Times: user=0.00 sys=0.00, real=0.00 secs] 
349.416: [GC (Allocation Failure) 349.416: [ParNew: 94164K->0K(153600K), 0.0002732 secs] 94718K->554K(256000K), 0.0003036 secs] [Times: user=0.00 sys=0.00, real=0.00 secs] 
350.425: [GC (Allocation Failure) 350.425: [ParNew: 94164K->0K(153600K), 0.0003825 secs] 94718K->554K(256000K), 0.0004189 secs] [Times: user=0.00 sys=0.00, real=0.00 secs] 
351.435: [GC (Allocation Failure) 351.435: [ParNew: 94164K->0K(153600K), 0.0003917 secs] 94718K->554K(256000K), 0.0004266 secs] [Times: user=0.00 sys=0.00, real=0.00 secs] 
352.446: [GC (Allocation Failure) 352.446: [ParNew: 94164K->0K(153600K), 0.0002702 secs] 94718K->554K(256000K), 0.0003294 secs] [Times: user=0.00 sys=0.00, real=0.00 secs] 
353.454: [GC (Allocation Failure) 353.454: [ParNew: 94164K->0K(153600K), 0.0003434 secs] 94718K->554K(256000K), 0.0003780 secs] [Times: user=0.00 sys=0.00, real=0.00 secs] 
354.464: [GC (Allocation Failure) 354.464: [ParNew: 94164K->0K(153600K), 0.0004029 secs] 94718K->554K(256000K), 0.0004385 secs] [Times: user=0.00 sys=0.00, real=0.00 secs] 
356.474: [GC (Allocation Failure) 356.474: [ParNew: 94164K->0K(153600K), 0.0003698 secs] 94718K->554K(256000K), 0.0004000 secs] [Times: user=0.00 sys=0.00, real=0.00 secs] 
357.484: [GC (Allocation Failure) 357.484: [ParNew: 94164K->0K(153600K), 0.0003037 secs] 94718K->554K(256000K), 0.0003348 secs] [Times: user=0.00 sys=0.00, real=0.00 secs] 
358.494: [GC (Allocation Failure) 358.494: [ParNew: 94164K->0K(153600K), 0.0002873 secs] 94718K->554K(256000K), 0.0003179 secs] [Times: user=0.00 sys=0.00, real=0.00 secs] 
359.503: [GC (Allocation Failure) 359.503: [ParNew: 94164K->0K(153600K), 0.0003248 secs] 94718K->554K(256000K), 0.0003551 secs] [Times: user=0.00 sys=0.00, real=0.00 secs] 
360.514: [GC (Allocation Failure) 360.514: [ParNew: 94164K->0K(153600K), 0.0003579 secs] 94718K->554K(256000K), 0.0003873 secs] [Times: user=0.00 sys=0.00, real=0.00 secs] 
361.523: [GC (Allocation Failure) 361.523: [ParNew: 94164K->0K(153600K), 0.0002677 secs] 94718K->554K(256000K), 0.0003046 secs] [Times: user=0.00 sys=0.00, real=0.00 secs] 
362.533: [GC (Allocation Failure) 362.533: [ParNew: 94164K->0K(153600K), 0.0003959 secs] 94718K->554K(256000K), 0.0004243 secs] [Times: user=0.00 sys=0.00, real=0.00 secs] 
363.542: [GC (Allocation Failure) 363.542: [ParNew: 94164K->0K(153600K), 0.0003073 secs] 94718K->554K(256000K), 0.0003389 secs] [Times: user=0.00 sys=0.00, real=0.00 secs] 
365.552: [GC (Allocation Failure) 365.552: [ParNew: 94164K->0K(153600K), 0.0004085 secs] 94718K->554K(256000K), 0.0004359 secs] [Times: user=0.00 sys=0.00, real=0.00 secs] 
366.563: [GC (Allocation Failure) 366.563: [ParNew: 94164K->0K(153600K), 0.0003284 secs] 94718K->554K(256000K), 0.0003706 secs] [Times: user=0.00 sys=0.00, real=0.00 secs] 
367.572: [GC (Allocation Failure) 367.572: [ParNew: 94164K->0K(153600K), 0.0002528 secs] 94718K->554K(256000K), 0.0002841 secs] [Times: user=0.00 sys=0.00, real=0.00 secs] 
368.581: [GC (Allocation Failure) 368.581: [ParNew: 94164K->0K(153600K), 0.0003941 secs] 94718K->554K(256000K), 0.0004234 secs] [Times: user=0.00 sys=0.00, real=0.00 secs] 
369.591: [GC (Allocation Failure) 369.591: [ParNew: 94164K->0K(153600K), 0.0002370 secs] 94718K->554K(256000K), 0.0002667 secs] [Times: user=0.00 sys=0.00, real=0.00 secs] 
370.600: [GC (Allocation Failure) 370.600: [ParNew: 94164K->0K(153600K), 0.0003294 secs] 94718K->554K(256000K), 0.0003726 secs] [Times: user=0.00 sys=0.01, real=0.00 secs] 
371.608: [GC (Allocation Failure) 371.608: [ParNew: 94164K->0K(153600K), 0.0002892 secs] 94718K->554K(256000K), 0.0003204 secs] [Times: user=0.00 sys=0.00, real=0.00 secs] 
372.618: [GC (Allocation Failure) 372.618: [ParNew: 94164K->0K(153600K), 0.0004865 secs] 94718K->554K(256000K), 0.0005181 secs] [Times: user=0.00 sys=0.00, real=0.00 secs] 
374.627: [GC (Allocation Failure) 374.627: [ParNew: 94164K->0K(153600K), 0.0003472 secs] 94718K->554K(256000K), 0.0003732 secs] [Times: user=0.00 sys=0.00, real=0.00 secs] 
375.637: [GC (Allocation Failure) 375.637: [ParNew: 94164K->0K(153600K), 0.0005100 secs] 94718K->554K(256000K), 0.0005769 secs] [Times: user=0.00 sys=0.00, real=0.00 secs] 
376.653: [GC (Allocation Failure) 376.653: [ParNew: 94164K->0K(153600K), 0.0002897 secs] 94718K->554K(256000K), 0.0003230 secs] [Times: user=0.00 sys=0.00, real=0.00 secs] 
377.662: [GC (Allocation Failure) 377.662: [ParNew: 94164K->0K(153600K), 0.0003387 secs] 94718K->554K(256000K), 0.0003922 secs] [Times: user=0.00 sys=0.00, real=0.00 secs] 
378.671: [GC (Allocation Failure) 378.671: [ParNew: 94164K->0K(153600K), 0.0003456 secs] 94718K->554K(256000K), 0.0003811 secs] [Times: user=0.00 sys=0.00, real=0.00 secs] 
Heap
 par new generation   total 153600K, used 47060K [0x00000000ed400000, 0x00000000f9c00000, 0x00000000f9c00000)
  eden space 102400K,  45% used [0x00000000ed400000, 0x00000000f01f52d0, 0x00000000f3800000)
  from space 51200K,   0% used [0x00000000f3800000, 0x00000000f3800000, 0x00000000f6a00000)
  to   space 51200K,   0% used [0x00000000f6a00000, 0x00000000f6a00000, 0x00000000f9c00000)
 concurrent mark-sweep generation total 102400K, used 554K [0x00000000f9c00000, 0x0000000100000000, 0x0000000100000000)
 Metaspace       used 2548K, capacity 4486K, committed 4864K, reserved 1056768K
  class space    used 274K, capacity 386K, committed 512K, reserved 1048576K
